{"level":"INFO","ts":"2025-11-13T17:48:32.291+0800","caller":"runtime/proc.go:285","msg":"项目配置初始化成功"}
{"level":"INFO","ts":"2025-11-13T17:48:32.330+0800","caller":"runtime/proc.go:285","msg":"项目日志初始化成功"}
{"level":"INFO","ts":"2025-11-14T09:46:19.718+0800","caller":"runtime/proc.go:285","msg":"项目配置初始化成功"}
{"level":"INFO","ts":"2025-11-14T09:46:19.733+0800","caller":"runtime/proc.go:285","msg":"项目日志初始化成功"}
{"level":"INFO","ts":"2025-11-14T09:46:21.477+0800","caller":"runtime/proc.go:285","msg":"项目数据库初始化成功"}
{"level":"INFO","ts":"2025-11-14T09:53:05.131+0800","caller":"runtime/proc.go:285","msg":"项目配置初始化成功"}
{"level":"INFO","ts":"2025-11-14T09:53:05.145+0800","caller":"runtime/proc.go:285","msg":"项目日志初始化成功"}
{"level":"INFO","ts":"2025-11-14T09:53:05.998+0800","caller":"runtime/proc.go:285","msg":"项目数据库初始化成功"}
{"level":"INFO","ts":"2025-11-14T09:53:43.947+0800","caller":"gin@v1.11.0/context.go:192","msg":"HTTP Request","method":"POST","path":"/v1/login","status":200,"latency":0.0870063}
{"level":"INFO","ts":"2025-11-14T09:57:07.850+0800","caller":"runtime/proc.go:285","msg":"项目配置初始化成功"}
{"level":"INFO","ts":"2025-11-14T09:57:07.871+0800","caller":"runtime/proc.go:285","msg":"项目日志初始化成功"}
{"level":"INFO","ts":"2025-11-14T09:57:08.831+0800","caller":"runtime/proc.go:285","msg":"项目数据库初始化成功"}
{"level":"INFO","ts":"2025-11-14T09:57:25.541+0800","caller":"gin@v1.11.0/context.go:192","msg":"HTTP Request","method":"POST","path":"/v1/register","status":200,"latency":0.1065429}
{"level":"INFO","ts":"2025-11-14T10:01:18.705+0800","caller":"runtime/proc.go:285","msg":"项目配置初始化成功"}
{"level":"INFO","ts":"2025-11-14T10:01:18.718+0800","caller":"runtime/proc.go:285","msg":"项目日志初始化成功"}
{"level":"INFO","ts":"2025-11-14T10:01:22.054+0800","caller":"runtime/proc.go:285","msg":"项目数据库初始化成功"}
{"level":"INFO","ts":"2025-11-14T10:01:31.705+0800","caller":"gin@v1.11.0/context.go:192","msg":"HTTP Request","method":"POST","path":"/v1/register","status":200,"latency":0.0009104}
{"level":"INFO","ts":"2025-11-14T10:02:39.391+0800","caller":"gin@v1.11.0/context.go:192","msg":"HTTP Request","method":"POST","path":"/v1/register","status":200,"latency":0}
{"level":"INFO","ts":"2025-11-14T10:05:27.917+0800","caller":"gin@v1.11.0/context.go:192","msg":"HTTP Request","method":"POST","path":"/v1/register","status":200,"latency":132.9244648}
{"level":"INFO","ts":"2025-11-14T10:07:23.409+0800","caller":"runtime/proc.go:285","msg":"项目配置初始化成功"}
{"level":"INFO","ts":"2025-11-14T10:07:23.423+0800","caller":"runtime/proc.go:285","msg":"项目日志初始化成功"}
{"level":"INFO","ts":"2025-11-14T10:07:25.371+0800","caller":"runtime/proc.go:285","msg":"项目数据库初始化成功"}
{"level":"INFO","ts":"2025-11-14T10:07:54.596+0800","caller":"gin@v1.11.0/context.go:192","msg":"HTTP Request","method":"PUT","path":"/v1/register","status":200,"latency":5.1047359}
{"level":"INFO","ts":"2025-11-14T10:08:37.762+0800","caller":"gin@v1.11.0/context.go:192","msg":"HTTP Request","method":"PUT","path":"/v1/register","status":200,"latency":0.1029678}
{"level":"INFO","ts":"2025-11-14T10:50:19.372+0800","caller":"runtime/proc.go:285","msg":"项目配置初始化成功"}
{"level":"INFO","ts":"2025-11-14T10:50:19.387+0800","caller":"runtime/proc.go:285","msg":"项目日志初始化成功"}
{"level":"INFO","ts":"2025-11-14T10:50:20.514+0800","caller":"runtime/proc.go:285","msg":"项目数据库初始化成功"}
{"level":"INFO","ts":"2025-11-14T10:50:45.474+0800","caller":"gin@v1.11.0/context.go:192","msg":"HTTP Request","method":"PUT","path":"/v1/register","status":201,"latency":0.1204281}
{"level":"INFO","ts":"2025-11-14T10:51:54.720+0800","caller":"runtime/proc.go:285","msg":"项目配置初始化成功"}
{"level":"INFO","ts":"2025-11-14T10:51:54.733+0800","caller":"runtime/proc.go:285","msg":"项目日志初始化成功"}
{"level":"INFO","ts":"2025-11-14T10:51:55.630+0800","caller":"runtime/proc.go:285","msg":"项目数据库初始化成功"}
{"level":"INFO","ts":"2025-11-14T10:54:46.595+0800","caller":"runtime/proc.go:285","msg":"项目配置初始化成功"}
{"level":"INFO","ts":"2025-11-14T10:54:46.608+0800","caller":"runtime/proc.go:285","msg":"项目日志初始化成功"}
{"level":"INFO","ts":"2025-11-14T10:54:47.283+0800","caller":"runtime/proc.go:285","msg":"项目数据库初始化成功"}
{"level":"INFO","ts":"2025-11-14T10:55:09.280+0800","caller":"gin@v1.11.0/context.go:192","msg":"HTTP Request","method":"PUT","path":"/v1/register","status":201,"latency":0.1030042}
{"level":"INFO","ts":"2025-11-14T10:55:16.669+0800","caller":"gin@v1.11.0/context.go:192","msg":"HTTP Request","method":"POST","path":"/v1/login","status":200,"latency":0.0212078}
{"level":"INFO","ts":"2025-11-14T10:55:37.341+0800","caller":"gin@v1.11.0/context.go:192","msg":"HTTP Request","method":"POST","path":"/v1/login","status":200,"latency":0.0883144}
{"level":"INFO","ts":"2025-11-14T11:35:19.542+0800","caller":"runtime/proc.go:285","msg":"项目配置初始化成功"}
{"level":"INFO","ts":"2025-11-14T11:35:19.558+0800","caller":"runtime/proc.go:285","msg":"项目日志初始化成功"}
{"level":"INFO","ts":"2025-11-14T11:35:20.461+0800","caller":"runtime/proc.go:285","msg":"项目数据库初始化成功"}
{"level":"INFO","ts":"2025-11-14T11:35:48.837+0800","caller":"gin@v1.11.0/context.go:192","msg":"HTTP Request","method":"POST","path":"/v1/login","status":200,"latency":0.0903279}
{"level":"INFO","ts":"2025-11-14T11:37:30.466+0800","caller":"gin@v1.11.0/context.go:192","msg":"HTTP Request","method":"PUT","path":"/v1/post","status":200,"latency":0.0006047}
{"level":"INFO","ts":"2025-11-14T11:40:42.666+0800","caller":"gin@v1.11.0/context.go:192","msg":"HTTP Request","method":"PUT","path":"/v1/post","status":200,"latency":37.473647}
{"level":"INFO","ts":"2025-11-14T11:42:54.790+0800","caller":"gin@v1.11.0/context.go:192","msg":"HTTP Request","method":"POST","path":"/v1/login","status":200,"latency":41.910908}
{"level":"INFO","ts":"2025-11-14T11:44:59.628+0800","caller":"runtime/proc.go:285","msg":"项目配置初始化成功"}
{"level":"INFO","ts":"2025-11-14T11:44:59.644+0800","caller":"runtime/proc.go:285","msg":"项目日志初始化成功"}
{"level":"INFO","ts":"2025-11-14T11:45:00.682+0800","caller":"runtime/proc.go:285","msg":"项目数据库初始化成功"}
{"level":"INFO","ts":"2025-11-14T11:45:13.505+0800","caller":"gin@v1.11.0/context.go:192","msg":"HTTP Request","method":"POST","path":"/v1/login","status":200,"latency":0.0829814}
{"level":"INFO","ts":"2025-11-14T11:46:22.479+0800","caller":"gin@v1.11.0/context.go:192","msg":"HTTP Request","method":"PUT","path":"/v1/post","status":201,"latency":41.8086343}
{"level":"INFO","ts":"2025-11-14T11:48:10.409+0800","caller":"gin@v1.11.0/context.go:192","msg":"HTTP Request","method":"POST","path":"/v1/post/1","status":200,"latency":0.0181036}
{"level":"INFO","ts":"2025-11-14T11:48:20.177+0800","caller":"gin@v1.11.0/context.go:192","msg":"HTTP Request","method":"GET","path":"/v1/post/1","status":404,"latency":0}
{"level":"INFO","ts":"2025-11-14T11:48:20.497+0800","caller":"gin@v1.11.0/context.go:192","msg":"HTTP Request","method":"GET","path":"/favicon.ico","status":404,"latency":0}
{"level":"INFO","ts":"2025-11-14T11:53:21.284+0800","caller":"runtime/proc.go:285","msg":"项目配置初始化成功"}
{"level":"INFO","ts":"2025-11-14T11:53:21.298+0800","caller":"runtime/proc.go:285","msg":"项目日志初始化成功"}
{"level":"INFO","ts":"2025-11-14T11:53:22.355+0800","caller":"runtime/proc.go:285","msg":"项目数据库初始化成功"}
{"level":"INFO","ts":"2025-11-14T11:54:01.417+0800","caller":"gin@v1.11.0/context.go:192","msg":"HTTP Request","method":"POST","path":"/v1/post/1","status":200,"latency":32.2452848}
{"level":"INFO","ts":"2025-11-14T12:00:59.732+0800","caller":"runtime/proc.go:285","msg":"项目配置初始化成功"}
{"level":"INFO","ts":"2025-11-14T12:00:59.745+0800","caller":"runtime/proc.go:285","msg":"项目日志初始化成功"}
{"level":"INFO","ts":"2025-11-14T12:01:01.042+0800","caller":"runtime/proc.go:285","msg":"项目数据库初始化成功"}
{"level":"INFO","ts":"2025-11-14T12:01:37.188+0800","caller":"runtime/proc.go:285","msg":"项目配置初始化成功"}
{"level":"INFO","ts":"2025-11-14T12:01:37.202+0800","caller":"runtime/proc.go:285","msg":"项目日志初始化成功"}
{"level":"INFO","ts":"2025-11-14T12:01:38.353+0800","caller":"runtime/proc.go:285","msg":"项目数据库初始化成功"}
{"level":"INFO","ts":"2025-11-14T13:25:35.199+0800","caller":"runtime/proc.go:285","msg":"项目配置初始化成功"}
{"level":"INFO","ts":"2025-11-14T13:25:35.213+0800","caller":"runtime/proc.go:285","msg":"项目日志初始化成功"}
{"level":"INFO","ts":"2025-11-14T13:25:36.315+0800","caller":"runtime/proc.go:285","msg":"项目数据库初始化成功"}
{"level":"INFO","ts":"2025-11-14T13:26:01.684+0800","caller":"gin@v1.11.0/context.go:192","msg":"HTTP Request","method":"POST","path":"/v1/post/1","status":200,"latency":16.5115202}
{"level":"INFO","ts":"2025-11-14T14:22:45.801+0800","caller":"runtime/proc.go:285","msg":"项目配置初始化成功"}
{"level":"INFO","ts":"2025-11-14T14:22:45.826+0800","caller":"runtime/proc.go:285","msg":"项目日志初始化成功"}
{"level":"INFO","ts":"2025-11-14T14:22:47.019+0800","caller":"runtime/proc.go:285","msg":"项目数据库初始化成功"}
{"level":"INFO","ts":"2025-11-14T14:23:27.107+0800","caller":"gin@v1.11.0/context.go:192","msg":"HTTP Request","method":"POST","path":"/v1/post_list","status":200,"latency":0.000558}
{"level":"INFO","ts":"2025-11-14T14:24:04.329+0800","caller":"runtime/proc.go:285","msg":"项目配置初始化成功"}
{"level":"INFO","ts":"2025-11-14T14:24:04.342+0800","caller":"runtime/proc.go:285","msg":"项目日志初始化成功"}
{"level":"INFO","ts":"2025-11-14T14:24:05.443+0800","caller":"runtime/proc.go:285","msg":"项目数据库初始化成功"}
{"level":"INFO","ts":"2025-11-14T14:24:09.674+0800","caller":"gin@v1.11.0/context.go:192","msg":"HTTP Request","method":"POST","path":"/v1/post_list","status":200,"latency":0.0011029}
{"level":"INFO","ts":"2025-11-14T14:25:31.586+0800","caller":"runtime/proc.go:285","msg":"项目配置初始化成功"}
{"level":"INFO","ts":"2025-11-14T14:25:31.598+0800","caller":"runtime/proc.go:285","msg":"项目日志初始化成功"}
{"level":"INFO","ts":"2025-11-14T14:25:32.550+0800","caller":"runtime/proc.go:285","msg":"项目数据库初始化成功"}
{"level":"INFO","ts":"2025-11-14T14:25:57.895+0800","caller":"runtime/proc.go:285","msg":"项目配置初始化成功"}
{"level":"INFO","ts":"2025-11-14T14:25:57.910+0800","caller":"runtime/proc.go:285","msg":"项目日志初始化成功"}
{"level":"INFO","ts":"2025-11-14T14:25:59.137+0800","caller":"runtime/proc.go:285","msg":"项目数据库初始化成功"}
{"level":"INFO","ts":"2025-11-14T14:26:34.824+0800","caller":"gin@v1.11.0/context.go:192","msg":"HTTP Request","method":"PUT","path":"/v1/post","status":201,"latency":0.0514207}
{"level":"INFO","ts":"2025-11-14T14:30:45.637+0800","caller":"runtime/proc.go:285","msg":"项目配置初始化成功"}
{"level":"INFO","ts":"2025-11-14T14:30:45.652+0800","caller":"runtime/proc.go:285","msg":"项目日志初始化成功"}
{"level":"INFO","ts":"2025-11-14T14:30:46.592+0800","caller":"runtime/proc.go:285","msg":"项目数据库初始化成功"}
{"level":"INFO","ts":"2025-11-14T14:31:22.064+0800","caller":"gin@v1.11.0/context.go:192","msg":"HTTP Request","method":"POST","path":"/v1/post_list","status":200,"latency":25.5125385}
{"level":"INFO","ts":"2025-11-14T14:31:47.801+0800","caller":"runtime/proc.go:285","msg":"项目配置初始化成功"}
{"level":"INFO","ts":"2025-11-14T14:31:47.815+0800","caller":"runtime/proc.go:285","msg":"项目日志初始化成功"}
{"level":"INFO","ts":"2025-11-14T14:31:48.992+0800","caller":"runtime/proc.go:285","msg":"项目数据库初始化成功"}
{"level":"INFO","ts":"2025-11-14T14:31:58.396+0800","caller":"gin@v1.11.0/context.go:192","msg":"HTTP Request","method":"POST","path":"/v1/post_list","status":200,"latency":3.7063664}
{"level":"INFO","ts":"2025-11-14T16:34:42.517+0800","caller":"runtime/proc.go:285","msg":"项目配置初始化成功"}
{"level":"INFO","ts":"2025-11-14T16:34:42.544+0800","caller":"runtime/proc.go:285","msg":"项目日志初始化成功"}
{"level":"INFO","ts":"2025-11-14T16:34:44.222+0800","caller":"runtime/proc.go:285","msg":"项目数据库初始化成功"}
{"level":"INFO","ts":"2025-11-14T16:34:57.857+0800","caller":"gin@v1.11.0/context.go:192","msg":"HTTP Request","method":"DELETE","path":"/v1/post/1","status":404,"latency":0}
{"level":"INFO","ts":"2025-11-14T16:35:34.598+0800","caller":"runtime/proc.go:285","msg":"项目配置初始化成功"}
{"level":"INFO","ts":"2025-11-14T16:35:34.624+0800","caller":"runtime/proc.go:285","msg":"项目日志初始化成功"}
{"level":"INFO","ts":"2025-11-14T16:35:35.915+0800","caller":"runtime/proc.go:285","msg":"项目数据库初始化成功"}
{"level":"INFO","ts":"2025-11-14T16:35:39.767+0800","caller":"gin@v1.11.0/context.go:192","msg":"HTTP Request","method":"DELETE","path":"/v1/post/1","status":404,"latency":0}
{"level":"INFO","ts":"2025-11-14T16:36:04.393+0800","caller":"runtime/proc.go:285","msg":"项目配置初始化成功"}
{"level":"INFO","ts":"2025-11-14T16:36:04.420+0800","caller":"runtime/proc.go:285","msg":"项目日志初始化成功"}
{"level":"INFO","ts":"2025-11-14T16:36:05.389+0800","caller":"runtime/proc.go:285","msg":"项目数据库初始化成功"}
{"level":"INFO","ts":"2025-11-14T16:36:13.493+0800","caller":"gin@v1.11.0/context.go:192","msg":"HTTP Request","method":"DELETE","path":"/v1/post/1","status":200,"latency":0.0011564}
{"level":"INFO","ts":"2025-11-14T16:36:53.333+0800","caller":"gin@v1.11.0/context.go:192","msg":"HTTP Request","method":"DELETE","path":"/v1/post/2","status":200,"latency":0.0214488}
{"level":"INFO","ts":"2025-11-14T16:37:05.492+0800","caller":"gin@v1.11.0/context.go:192","msg":"HTTP Request","method":"DELETE","path":"/v1/post/1","status":200,"latency":0.1881635}
{"level":"INFO","ts":"2025-11-14T16:58:03.823+0800","caller":"runtime/proc.go:285","msg":"项目配置初始化成功"}
{"level":"INFO","ts":"2025-11-14T16:58:03.847+0800","caller":"runtime/proc.go:285","msg":"项目日志初始化成功"}
{"level":"INFO","ts":"2025-11-14T16:58:04.805+0800","caller":"runtime/proc.go:285","msg":"项目数据库初始化成功"}
{"level":"INFO","ts":"2025-11-14T16:58:43.671+0800","caller":"gin@v1.11.0/context.go:192","msg":"HTTP Request","method":"PUT","path":"/v1/post","status":201,"latency":0.0427409}
{"level":"INFO","ts":"2025-11-14T16:58:54.375+0800","caller":"gin@v1.11.0/context.go:192","msg":"HTTP Request","method":"POST","path":"/v1/post_list","status":200,"latency":0.0538296}
{"level":"INFO","ts":"2025-11-14T16:59:13.859+0800","caller":"gin@v1.11.0/context.go:192","msg":"HTTP Request","method":"POST","path":"/v1/post/3","status":200,"latency":0.0506154}
{"level":"INFO","ts":"2025-11-14T17:02:53.324+0800","caller":"runtime/proc.go:285","msg":"项目配置初始化成功"}
{"level":"INFO","ts":"2025-11-14T17:02:53.339+0800","caller":"runtime/proc.go:285","msg":"项目日志初始化成功"}
{"level":"INFO","ts":"2025-11-14T17:02:54.680+0800","caller":"runtime/proc.go:285","msg":"项目数据库初始化成功"}
{"level":"INFO","ts":"2025-11-14T17:03:02.924+0800","caller":"gin@v1.11.0/context.go:192","msg":"HTTP Request","method":"PUT","path":"/v1/post","status":201,"latency":0.0316446}
{"level":"INFO","ts":"2025-11-14T17:03:06.812+0800","caller":"gin@v1.11.0/context.go:192","msg":"HTTP Request","method":"POST","path":"/v1/post_list","status":200,"latency":0.0320559}
{"level":"INFO","ts":"2025-11-14T17:03:21.380+0800","caller":"gin@v1.11.0/context.go:192","msg":"HTTP Request","method":"POST","path":"/v1/post/4","status":200,"latency":3.4385018}
{"level":"INFO","ts":"2025-11-14T17:03:50.418+0800","caller":"gin@v1.11.0/context.go:192","msg":"HTTP Request","method":"DELETE","path":"/v1/comment","status":404,"latency":0}
{"level":"INFO","ts":"2025-11-14T17:04:12.280+0800","caller":"gin@v1.11.0/context.go:192","msg":"HTTP Request","method":"PUT","path":"/v1/comment","status":200,"latency":0}
{"level":"INFO","ts":"2025-11-14T17:05:41.676+0800","caller":"runtime/proc.go:285","msg":"项目配置初始化成功"}
{"level":"INFO","ts":"2025-11-14T17:05:41.693+0800","caller":"runtime/proc.go:285","msg":"项目日志初始化成功"}
{"level":"INFO","ts":"2025-11-14T17:05:42.915+0800","caller":"runtime/proc.go:285","msg":"项目数据库初始化成功"}
{"level":"INFO","ts":"2025-11-14T17:05:48.442+0800","caller":"gin@v1.11.0/context.go:192","msg":"HTTP Request","method":"PUT","path":"/v1/comment","status":201,"latency":0.0440664}
{"level":"INFO","ts":"2025-11-14T17:06:39.335+0800","caller":"gin@v1.11.0/context.go:192","msg":"HTTP Request","method":"POST","path":"/v1/comment_list","status":404,"latency":0}
{"level":"INFO","ts":"2025-11-14T17:07:26.461+0800","caller":"gin@v1.11.0/context.go:192","msg":"HTTP Request","method":"GET","path":"/v1/comment_list","status":200,"latency":0.0005395}
{"level":"INFO","ts":"2025-11-14T17:07:53.481+0800","caller":"runtime/proc.go:285","msg":"项目配置初始化成功"}
{"level":"INFO","ts":"2025-11-14T17:07:53.499+0800","caller":"runtime/proc.go:285","msg":"项目日志初始化成功"}
{"level":"INFO","ts":"2025-11-14T17:07:54.729+0800","caller":"runtime/proc.go:285","msg":"项目数据库初始化成功"}
{"level":"INFO","ts":"2025-11-14T17:08:00.054+0800","caller":"gin@v1.11.0/context.go:192","msg":"HTTP Request","method":"POST","path":"/v1/comment_list","status":200,"latency":0.0005373}
{"level":"INFO","ts":"2025-11-14T17:08:50.668+0800","caller":"runtime/proc.go:285","msg":"项目配置初始化成功"}
{"level":"INFO","ts":"2025-11-14T17:08:50.685+0800","caller":"runtime/proc.go:285","msg":"项目日志初始化成功"}
{"level":"INFO","ts":"2025-11-14T17:08:51.808+0800","caller":"runtime/proc.go:285","msg":"项目数据库初始化成功"}
{"level":"INFO","ts":"2025-11-14T17:08:54.957+0800","caller":"gin@v1.11.0/context.go:192","msg":"HTTP Request","method":"POST","path":"/v1/comment_list","status":200,"latency":0.0005426}
{"level":"INFO","ts":"2025-11-14T17:08:58.266+0800","caller":"gin@v1.11.0/context.go:192","msg":"HTTP Request","method":"POST","path":"/v1/comment_list","status":200,"latency":0}
{"level":"INFO","ts":"2025-11-14T17:10:56.743+0800","caller":"runtime/proc.go:285","msg":"项目配置初始化成功"}
{"level":"INFO","ts":"2025-11-14T17:10:56.757+0800","caller":"runtime/proc.go:285","msg":"项目日志初始化成功"}
{"level":"INFO","ts":"2025-11-14T17:10:57.941+0800","caller":"runtime/proc.go:285","msg":"项目数据库初始化成功"}
{"level":"INFO","ts":"2025-11-14T17:11:11.783+0800","caller":"gin@v1.11.0/context.go:192","msg":"HTTP Request","method":"POST","path":"/v1/comment_list","status":200,"latency":8.9120137}
{"level":"INFO","ts":"2025-11-14T17:13:08.217+0800","caller":"gin@v1.11.0/context.go:192","msg":"HTTP Request","method":"POST","path":"/v1/comment_list","status":200,"latency":0}
{"level":"INFO","ts":"2025-11-14T17:13:09.868+0800","caller":"gin@v1.11.0/context.go:192","msg":"HTTP Request","method":"POST","path":"/v1/comment_list","status":200,"latency":0}
{"level":"INFO","ts":"2025-11-14T17:13:10.578+0800","caller":"gin@v1.11.0/context.go:192","msg":"HTTP Request","method":"POST","path":"/v1/comment_list","status":200,"latency":0}
{"level":"INFO","ts":"2025-11-14T17:17:08.591+0800","caller":"runtime/proc.go:285","msg":"项目配置初始化成功"}
{"level":"INFO","ts":"2025-11-14T17:17:08.619+0800","caller":"runtime/proc.go:285","msg":"项目日志初始化成功"}
{"level":"INFO","ts":"2025-11-14T17:17:09.541+0800","caller":"runtime/proc.go:285","msg":"项目数据库初始化成功"}
{"level":"INFO","ts":"2025-11-14T17:17:20.248+0800","caller":"gin@v1.11.0/context.go:192","msg":"HTTP Request","method":"POST","path":"/v1/comment_list","status":200,"latency":0.0005386}
{"level":"INFO","ts":"2025-11-14T17:17:30.456+0800","caller":"gin@v1.11.0/context.go:192","msg":"HTTP Request","method":"POST","path":"/v1/comment_list","status":200,"latency":0}
{"level":"INFO","ts":"2025-11-14T17:18:33.941+0800","caller":"runtime/proc.go:285","msg":"项目配置初始化成功"}
{"level":"INFO","ts":"2025-11-14T17:18:33.977+0800","caller":"runtime/proc.go:285","msg":"项目日志初始化成功"}
{"level":"INFO","ts":"2025-11-14T17:18:35.131+0800","caller":"runtime/proc.go:285","msg":"项目数据库初始化成功"}
{"level":"INFO","ts":"2025-11-14T17:18:47.498+0800","caller":"gin@v1.11.0/context.go:192","msg":"HTTP Request","method":"POST","path":"/v1/comment_list","status":200,"latency":0.0005358}
{"level":"INFO","ts":"2025-11-14T17:20:38.364+0800","caller":"runtime/proc.go:285","msg":"项目配置初始化成功"}
{"level":"INFO","ts":"2025-11-14T17:20:38.378+0800","caller":"runtime/proc.go:285","msg":"项目日志初始化成功"}
{"level":"INFO","ts":"2025-11-14T17:20:39.311+0800","caller":"runtime/proc.go:285","msg":"项目数据库初始化成功"}
{"level":"INFO","ts":"2025-11-14T17:20:45.295+0800","caller":"gin@v1.11.0/context.go:192","msg":"HTTP Request","method":"POST","path":"/v1/comment_list","status":200,"latency":0.0005522}
{"level":"INFO","ts":"2025-11-14T17:21:32.394+0800","caller":"runtime/proc.go:285","msg":"项目配置初始化成功"}
{"level":"INFO","ts":"2025-11-14T17:21:32.412+0800","caller":"runtime/proc.go:285","msg":"项目日志初始化成功"}
{"level":"INFO","ts":"2025-11-14T17:21:33.298+0800","caller":"runtime/proc.go:285","msg":"项目数据库初始化成功"}
{"level":"INFO","ts":"2025-11-14T17:21:36.952+0800","caller":"gin@v1.11.0/context.go:192","msg":"HTTP Request","method":"POST","path":"/v1/comment_list","status":200,"latency":0.0005425}
{"level":"INFO","ts":"2025-11-14T17:21:38.571+0800","caller":"gin@v1.11.0/context.go:192","msg":"HTTP Request","method":"POST","path":"/v1/comment_list","status":200,"latency":0.0000512}
{"level":"INFO","ts":"2025-11-14T17:21:39.514+0800","caller":"gin@v1.11.0/context.go:192","msg":"HTTP Request","method":"POST","path":"/v1/comment_list","status":200,"latency":0.0000631}
{"level":"INFO","ts":"2025-11-14T17:21:40.126+0800","caller":"gin@v1.11.0/context.go:192","msg":"HTTP Request","method":"POST","path":"/v1/comment_list","status":200,"latency":0}
{"level":"INFO","ts":"2025-11-14T17:22:48.806+0800","caller":"runtime/proc.go:285","msg":"项目配置初始化成功"}
{"level":"INFO","ts":"2025-11-14T17:22:48.821+0800","caller":"runtime/proc.go:285","msg":"项目日志初始化成功"}
{"level":"INFO","ts":"2025-11-14T17:22:49.962+0800","caller":"runtime/proc.go:285","msg":"项目数据库初始化成功"}
{"level":"INFO","ts":"2025-11-14T17:23:40.737+0800","caller":"runtime/proc.go:285","msg":"项目配置初始化成功"}
{"level":"INFO","ts":"2025-11-14T17:23:40.777+0800","caller":"runtime/proc.go:285","msg":"项目日志初始化成功"}
{"level":"INFO","ts":"2025-11-14T17:23:41.986+0800","caller":"runtime/proc.go:285","msg":"项目数据库初始化成功"}
